abc@LAPTOP-EGHRM9QM MINGW64 ~/Documents/R Docs/ProjectME01 (master)
$ git ini
git: 'ini' is not a git command. See 'git --help'.

The most similar commands are
        init
        gui
        init-db

abc@LAPTOP-EGHRM9QM MINGW64 ~/Documents/R Docs/ProjectME01 (master)
$ git init
Reinitialized existing Git repository in C:/Users/abc/Documents/R Docs/ProjectME01/.git/

abc@LAPTOP-EGHRM9QM MINGW64 ~/Documents/R Docs/ProjectME01 (master)
$ git add
Nothing specified, nothing added.
hint: Maybe you wanted to say 'git add .'?
hint: Turn this message off by running
hint: "git config advice.addEmptyPathspec false"

abc@LAPTOP-EGHRM9QM MINGW64 ~/Documents/R Docs/ProjectME01 (master)
$ git commit -m "version 1"
Author identity unknown

*** Please tell me who you are.

Run

  git config --global user.email "you@example.com"
  git config --global user.name "Your Name"

to set your account's default identity.
Omit --global to set the identity only in this repository.

fatal: unable to auto-detect email address (got 'abc@LAPTOP-EGHRM9QM.(none)')

abc@LAPTOP-EGHRM9QM MINGW64 ~/Documents/R Docs/ProjectME01 (master)
$ ^C

abc@LAPTOP-EGHRM9QM MINGW64 ~/Documents/R Docs/ProjectME01 (master)
$ git config --global user.name "Your Name"thony-vlc

abc@LAPTOP-EGHRM9QM MINGW64 ~/Documents/R Docs/ProjectME01 (master)
$ git commit -m "version 1"
Author identity unknown

*** Please tell me who you are.

Run

  git config --global user.email "you@example.com"
  git config --global user.name "Your Name"

to set your account's default identity.
Omit --global to set the identity only in this repository.

fatal: unable to auto-detect email address (got 'abc@LAPTOP-EGHRM9QM.(none)')

abc@LAPTOP-EGHRM9QM MINGW64 ~/Documents/R Docs/ProjectME01 (master)
$ ^C

abc@LAPTOP-EGHRM9QM MINGW64 ~/Documents/R Docs/ProjectME01 (master)
$ git config --global user.name "thony-vlc"

abc@LAPTOP-EGHRM9QM MINGW64 ~/Documents/R Docs/ProjectME01 (master)
$ git config --global user.email "lyov_viktor@outlook.com"

abc@LAPTOP-EGHRM9QM MINGW64 ~/Documents/R Docs/ProjectME01 (master)
$ git commit -m "version 1"
On branch master

Initial commit

Untracked files:
  (use "git add <file>..." to include in what will be committed)
        .Rprofile
        .gitignore
        "C\303\263digos-20250909/"
        Datasets-20250909/
        ProjectME01.Rproj
        renv.lock
        renv/

nothing added to commit but untracked files present (use "git add" to track)

abc@LAPTOP-EGHRM9QM MINGW64 ~/Documents/R Docs/ProjectME01 (master)
$ git init
Reinitialized existing Git repository in C:/Users/abc/Documents/R Docs/ProjectME01/.git/

abc@LAPTOP-EGHRM9QM MINGW64 ~/Documents/R Docs/ProjectME01 (master)
$ git add
Nothing specified, nothing added.
hint: Maybe you wanted to say 'git add .'?
hint: Turn this message off by running
hint: "git config advice.addEmptyPathspec false"

abc@LAPTOP-EGHRM9QM MINGW64 ~/Documents/R Docs/ProjectME01 (master)
$ git commit -m "version 1"
On branch master

Initial commit

Untracked files:
  (use "git add <file>..." to include in what will be committed)
        .Rprofile
        .gitignore
        "C\303\263digos-20250909/"
        Datasets-20250909/
        ProjectME01.Rproj
        renv.lock
        renv/

nothing added to commit but untracked files present (use "git add" to track)

abc@LAPTOP-EGHRM9QM MINGW64 ~/Documents/R Docs/ProjectME01 (master)
$ git add <C:\Users\abc\Documents\R Docs\ProjectME01>
bash: syntax error near unexpected token `newline'

abc@LAPTOP-EGHRM9QM MINGW64 ~/Documents/R Docs/ProjectME01 (master)
$ git add "C:\Users\abc\Documents\R Docs\ProjectME01"

abc@LAPTOP-EGHRM9QM MINGW64 ~/Documents/R Docs/ProjectME01 (master)
$ git commit -m "version 1"
[master (root-commit) 9bc4d4c] version 1
 21 files changed, 12561 insertions(+)
 create mode 100644 .Rprofile
 create mode 100644 .gitignore
 create mode 100644 "C\303\263digos-20250909/codigo inicial.R"
 create mode 100644 "C\303\263digos-20250909/rmd_1_vectores.Rmd"
 create mode 100644 "C\303\263digos-20250909/rmd_1_vectores.html"
 create mode 100644 "C\303\263digos-20250909/rmd_2 dataframes.Rmd"
 create mode 100644 "C\303\263digos-20250909/rmd_2-dataframes.html"
 create mode 100644 "C\303\263digos-20250909/rmd_3_listas.Rmd"
 create mode 100644 "C\303\263digos-20250909/rmd_3_listas.html"
 create mode 100644 "C\303\263digos-20250909/rmd_4_listas_dataframes.Rmd"
 create mode 100644 "C\303\263digos-20250909/rmd_4_listas_dataframes.html"
 create mode 100644 "C\303\263digos-20250909/rmd_5_tablas_contingencia.Rmd"
 create mode 100644 "C\303\263digos-20250909/rmd_5_tablas_contingencia.html"
 create mode 100644 "C\303\263digos-20250909/rmd_6_plots.Rmd"
 create mode 100644 "C\303\263digos-20250909/rmd_6_plots.html"
 create mode 100644 Datasets-20250909/online_retail_II.xlsx
 create mode 100644 ProjectME01.Rproj
 create mode 100644 renv.lock
 create mode 100644 renv/.gitignore
 create mode 100644 renv/activate.R
 create mode 100644 renv/settings.json

abc@LAPTOP-EGHRM9QM MINGW64 ~/Documents/R Docs/ProjectME01 (master)
$ git branch -M main

abc@LAPTOP-EGHRM9QM MINGW64 ~/Documents/R Docs/ProjectME01 (main)
$ git remote add origin https://github.com/thony-vlc/ProjectME01.git

abc@LAPTOP-EGHRM9QM MINGW64 ~/Documents/R Docs/ProjectME01 (main)
$ git push -u origin main
info: please complete authentication in your browser...
Enumerating objects: 26, done.
Counting objects: 100% (26/26), done.
Delta compression using up to 8 threads
Compressing objects: 100% (23/23), done.
Writing objects: 100% (26/26), 43.89 MiB | 5.65 MiB/s, done.
Total 26 (delta 5), reused 0 (delta 0), pack-reused 0
remote: Resolving deltas: 100% (5/5), done.
To https://github.com/thony-vlc/ProjectME01.git
 * [new branch]      main -> main
branch 'main' set up to track 'origin/main'.

abc@LAPTOP-EGHRM9QM MINGW64 ~/Documents/R Docs/ProjectME01 (main)
$ git add "paz"
fatal: pathspec 'paz' did not match any files

abc@LAPTOP-EGHRM9QM MINGW64 ~/Documents/R Docs/ProjectME01 (main)
$ git add paz
fatal: pathspec 'paz' did not match any files

abc@LAPTOP-EGHRM9QM MINGW64 ~/Documents/R Docs/ProjectME01 (main)
$ git add paz.jpg

abc@LAPTOP-EGHRM9QM MINGW64 ~/Documents/R Docs/ProjectME01 (main)
$ git commit -m "Nueva imagen"
[main 7af9823] Nueva imagen
 1 file changed, 0 insertions(+), 0 deletions(-)
 create mode 100644 paz.jpg

abc@LAPTOP-EGHRM9QM MINGW64 ~/Documents/R Docs/ProjectME01 (main)
$ git push
Enumerating objects: 4, done.
Counting objects: 100% (4/4), done.
Delta compression using up to 8 threads
Compressing objects: 100% (3/3), done.
Writing objects: 100% (3/3), 683.58 KiB | 15.54 MiB/s, done.
Total 3 (delta 1), reused 0 (delta 0), pack-reused 0
remote: Resolving deltas: 100% (1/1), completed with 1 local object.
To https://github.com/thony-vlc/ProjectME01.git
   9bc4d4c..7af9823  main -> main